1/164 bonn-2025-001: kein_treffer 0.47
2/164 bonn-2025-002: zahl_abweichend 0.62
3/164 bonn-2025-003: kein_treffer 0.47
4/164 bonn-2025-004: kein_treffer 0.46
5/164 bonn-2025-005: kein_treffer 0.56
6/164 bonn-2025-006: kein_treffer 0.54
7/164 bonn-2025-007: zahl_abweichend 0.62
8/164 bonn-2025-008: zahl_abweichend 0.67
9/164 bonn-2025-009: kein_treffer 0.57
10/164 bonn-2025-010: zahl_abweichend 0.67
11/164 bonn-2025-011: vorschlag 0.62
12/164 bonn-2025-012: kein_treffer 0.45
13/164 bonn-2025-013: kein_treffer 0.47
14/164 bonn-2025-014: kein_treffer 0.44
15/164 bonn-2025-015: kein_treffer 0.36
16/164 bonn-2025-016: kein_treffer 0.53
17/164 bonn-2025-017: kein_treffer 0.56
18/164 bonn-2025-018: kein_treffer 0.38
19/164 bonn-2025-019: kein_treffer 0.58
20/164 bonn-2025-020: vorschlag 0.69
21/164 bonn-2025-021: vorschlag 0.9
22/164 bonn-2025-022: kein_treffer 0.5
23/164 bonn-2025-023: kein_treffer 0.55
24/164 bonn-2025-026: vorschlag 0.64
25/164 bonn-2025-029: vorschlag 0.64
26/164 bonn-2025-030: vorschlag 0.64
27/164 bonn-2026-031: kein_treffer 0.43
28/164 dortmund-2025-001: vorschlag 0.71
29/164 dortmund-2025-002: vorschlag 0.71
30/164 dortmund-2025-003: vorschlag 0.85
31/164 dortmund-2025-004: vorschlag 0.83
32/164 dortmund-2025-005: kein_treffer 0.33
33/164 dortmund-2025-006: kein_treffer 0.38
34/164 dortmund-2025-007: kein_treffer 0.22
35/164 dortmund-2025-008: vorschlag 0.79
36/164 dortmund-2025-009: zahl_abweichend 0.73
37/164 dortmund-2025-010: vorschlag 1.0
38/164 dortmund-2025-011: vorschlag 0.62
39/164 dortmund-2025-012: kein_treffer 0.41
40/164 dortmund-2025-013: kein_treffer 0.5
41/164 dortmund-2025-014: kein_treffer 0.5
42/164 dortmund-2026-015: zahl_abweichend 0.75
43/164 dortmund-2026-019: vorschlag 0.89
44/164 duesseldorf-2025-001: vorschlag 0.7
45/164 duesseldorf-2025-002: vorschlag 0.9
46/164 duesseldorf-2025-003: vorschlag 0.75
47/164 duesseldorf-2025-004: kein_treffer 0.0
48/164 duesseldorf-2025-005: kein_treffer 0.0
49/164 duesseldorf-2025-006: kein_treffer 0.0
50/164 duesseldorf-2025-007: kein_treffer 0.0
51/164 duesseldorf-2025-008: kein_treffer 0.0
52/164 duesseldorf-2025-010: kein_treffer 0.58
53/164 duesseldorf-2025-011: vorschlag 0.62
54/164 duesseldorf-2025-012: vorschlag 0.9
55/164 duesseldorf-2025-013: vorschlag 0.67
56/164 duesseldorf-2025-014: vorschlag 0.82
57/164 duesseldorf-2025-015: vorschlag 0.82
58/164 duesseldorf-2025-016: zahl_abweichend 0.79
59/164 duesseldorf-2025-017: vorschlag 0.8
60/164 duesseldorf-2025-018: vorschlag 0.7
61/164 duesseldorf-2025-019: kein_treffer 0.57
62/164 duesseldorf-2025-020: kein_treffer 0.52
63/164 duesseldorf-2025-021: kein_treffer 0.52
64/164 duesseldorf-2025-022: kein_treffer 0.52
65/164 duesseldorf-2025-023: vorschlag 0.8
66/164 duesseldorf-2025-024: kein_treffer 0.58
67/164 duesseldorf-2025-025: kein_treffer 0.58
68/164 duesseldorf-2025-026: vorschlag 0.93
69/164 duesseldorf-2025-027: vorschlag 0.93
70/164 duesseldorf-2025-028: zahl_abweichend 0.83
71/164 duesseldorf-2025-029: zahl_abweichend 0.83
72/164 duesseldorf-2025-030: zahl_abweichend 0.75
73/164 duesseldorf-2026-035: vorschlag 1.0
74/164 essen-2025-001: vorschlag 0.6
75/164 essen-2025-002: kein_treffer 0.46
76/164 essen-2025-003: kein_treffer 0.5
77/164 essen-2025-004: kein_treffer 0.5
78/164 essen-2025-005: kein_treffer 0.46
79/164 essen-2025-006: vorschlag 0.73
80/164 essen-2025-007: vorschlag 1.0
81/164 essen-2025-008: vorschlag 0.75
82/164 essen-2025-009: vorschlag 0.8
83/164 essen-2025-010: vorschlag 0.9
84/164 essen-2025-011: zahl_abweichend 0.8
85/164 essen-2025-012: vorschlag 0.75
86/164 essen-2025-013: kein_treffer 0.42
87/164 essen-2025-014: kein_treffer 0.32
88/164 essen-2025-015: kein_treffer 0.32
89/164 essen-2025-016: kein_treffer 0.32
90/164 essen-2025-017: kein_treffer 0.32
91/164 essen-2025-018: vorschlag 0.89
92/164 essen-2025-020: kein_treffer 0.5
93/164 essen-2025-021: zahl_abweichend 0.8
94/164 essen-2025-022: vorschlag 0.75
95/164 essen-2025-023: kein_treffer 0.5
96/164 essen-2025-024: kein_treffer 0.5
97/164 essen-2025-025: vorschlag 0.75
98/164 essen-2025-026: vorschlag 0.73
99/164 essen-2025-027: zahl_abweichend 0.71
100/164 essen-2025-028: vorschlag 0.62
101/164 essen-2025-029: vorschlag 0.62
102/164 essen-2025-032: vorschlag 0.67
103/164 essen-2025-033: kein_treffer 0.5
104/164 essen-2025-034: vorschlag 0.75
105/164 koeln-2025-003: zahl_abweichend 0.67
106/164 koeln-2025-004: vorschlag 1.0
107/164 koeln-2025-005: vorschlag 1.0
108/164 koeln-2025-006: vorschlag 1.0
109/164 koeln-2025-008: vorschlag 0.71
110/164 koeln-2025-009: vorschlag 0.71
111/164 koeln-2025-010: vorschlag 0.83
112/164 koeln-2025-011: vorschlag 1.0
113/164 koeln-2025-012: vorschlag 0.83
114/164 koeln-2025-013: vorschlag 0.83
115/164 koeln-2025-014: vorschlag 0.86
116/164 koeln-2025-015: vorschlag 0.83
117/164 koeln-2025-016: vorschlag 0.8
118/164 koeln-2025-017: vorschlag 0.88
119/164 koeln-2025-018: vorschlag 0.89
120/164 koeln-2025-023: zahl_abweichend 0.67
121/164 koeln-2025-024: vorschlag 0.86
122/164 koeln-2025-025: vorschlag 0.83
123/164 koeln-2025-026: vorschlag 1.0
124/164 koeln-2025-027: vorschlag 1.0
125/164 koeln-2025-033: vorschlag 0.67
126/164 koeln-2025-035: vorschlag 1.0
127/164 koeln-2025-036: vorschlag 1.0
128/164 koeln-2025-037: vorschlag 1.0
129/164 koeln-2025-039: vorschlag 1.0
130/164 koeln-2025-040: vorschlag 1.0
131/164 koeln-2025-041: vorschlag 0.83
132/164 koeln-2025-042: vorschlag 1.0
133/164 koeln-2025-043: kein_treffer 0.4
134/164 koeln-2025-044: vorschlag 1.0
135/164 koeln-2025-045: vorschlag 0.83
136/164 koeln-2025-046: vorschlag 0.83
137/164 koeln-2025-049: vorschlag 1.0
138/164 koeln-2025-052: vorschlag 1.0
139/164 koeln-2025-053: vorschlag 1.0
140/164 koeln-2025-054: vorschlag 1.0
141/164 koeln-2025-055: vorschlag 0.89
142/164 koeln-2025-056: vorschlag 0.71
143/164 koeln-2025-057: vorschlag 0.62
144/164 koeln-2025-058: vorschlag 1.0
145/164 koeln-2025-059: vorschlag 1.0
146/164 koeln-2025-060: vorschlag 1.0
147/164 koeln-2025-061: vorschlag 1.0
148/164 koeln-2025-063: vorschlag 1.0
149/164 koeln-2025-064: kein_treffer 0.5
150/164 koeln-2025-066: vorschlag 1.0
151/164 koeln-2025-067: vorschlag 0.75
152/164 koeln-2025-069: vorschlag 1.0
153/164 koeln-2025-079: vorschlag 1.0
154/164 koeln-2026-070: kein_treffer 0.58
155/164 koeln-2026-071: kein_treffer 0.44
156/164 koeln-2026-072: kein_treffer 0.47
157/164 koeln-2026-073: kein_treffer 0.59
158/164 koeln-2026-074: zahl_abweichend 0.71
159/164 koeln-2026-077: zahl_abweichend 0.73
160/164 koeln-2026-078: zahl_abweichend 0.73
161/164 koeln-2026-079: zahl_abweichend 0.73
162/164 koeln-2026-080: zahl_abweichend 0.73
163/164 koeln-2026-081: zahl_abweichend 0.73
164/164 koeln-2026-082: zahl_abweichend 0.73
Stand: kein_treffer 54, vorschlag 88, zahl_abweichend 22
